// Jest Snapshot v1, https://jestjs.io/docs/snapshot-testing

exports[`Examples gradient linear and radial fill styles serialize addColorStop in snapshot 1`] = `
[
  {
    "props": {
      "x0": 0,
      "x1": 100,
      "y0": 0,
      "y1": 0,
    },
    "transform": [
      1,
      0,
      0,
      1,
      0,
      0,
    ],
    "type": "createLinearGradient",
  },
  {
    "props": {
      "value": {
        "addColorStop": [
          [
            0,
            "#73BF69",
          ],
          [
            1,
            "#F2495C",
          ],
        ],
      },
    },
    "transform": [
      1,
      0,
      0,
      1,
      0,
      0,
    ],
    "type": "fillStyle",
  },
  {
    "props": {
      "height": 25,
      "width": 100,
      "x": 0,
      "y": 0,
    },
    "transform": [
      1,
      0,
      0,
      1,
      0,
      0,
    ],
    "type": "fillRect",
  },
  {
    "props": {
      "r0": 0,
      "r1": 40,
      "x0": 50,
      "x1": 50,
      "y0": 37.5,
      "y1": 37.5,
    },
    "transform": [
      1,
      0,
      0,
      1,
      0,
      0,
    ],
    "type": "createRadialGradient",
  },
  {
    "props": {
      "value": {
        "addColorStop": [
          [
            0,
            "#ffffff",
          ],
          [
            1,
            "#000000",
          ],
        ],
      },
    },
    "transform": [
      1,
      0,
      0,
      1,
      0,
      0,
    ],
    "type": "fillStyle",
  },
  {
    "props": {
      "height": 25,
      "width": 100,
      "x": 0,
      "y": 25,
    },
    "transform": [
      1,
      0,
      0,
      1,
      0,
      0,
    ],
    "type": "fillRect",
  },
]
`;

exports[`Examples uPlot fails 1`] = `
[
  {
    "props": {
      "x": 0.5,
      "y": 0.5,
    },
    "type": "translate",
  },
  {
    "props": {
      "value": "#ff0000",
    },
    "type": "strokeStyle",
  },
  {
    "props": {
      "value": "rgba(0, 0, 0, 0)",
    },
    "type": "fillStyle",
  },
  {
    "props": {
      "value": 1,
    },
    "type": "lineWidth",
  },
  {
    "props": {},
    "type": "save",
  },
  {
    "props": {
      "fillRule": "nonzero",
      "path": [
        {
          "props": {
            "height": 334,
            "width": 326,
            "x": 49.5,
            "y": 16.5,
          },
          "type": "rect",
        },
      ],
    },
    "type": "clip",
  },
  {
    "props": {
      "path": [
        {
          "props": {
            "x": 50,
            "y": 322,
          },
          "type": "lineTo",
        },
        {
          "props": {
            "x": 213,
            "y": 45,
          },
          "type": "lineTo",
        },
        {
          "props": {
            "x": 375,
            "y": 322,
          },
          "type": "lineTo",
        },
      ],
    },
    "type": "stroke",
  },
  {
    "props": {},
    "type": "restore",
  },
  {
    "props": {
      "x": -0.5,
      "y": -0.5,
    },
    "type": "translate",
  },
  {
    "props": {
      "x": 0.5,
      "y": 0.5,
    },
    "type": "translate",
  },
  {
    "props": {
      "value": "#ffffff",
    },
    "type": "fillStyle",
  },
  {
    "props": {},
    "type": "save",
  },
  {
    "props": {
      "fillRule": "nonzero",
      "path": [
        {
          "props": {
            "height": 341,
            "width": 333,
            "x": 46,
            "y": 13,
          },
          "type": "rect",
        },
      ],
    },
    "type": "clip",
  },
  {
    "props": {
      "fillRule": "nonzero",
      "path": [
        {
          "props": {
            "x": 52,
            "y": 322,
          },
          "type": "moveTo",
        },
        {
          "props": {
            "anticlockwise": false,
            "endAngle": 6.283185307179586,
            "radius": 2,
            "startAngle": 0,
            "x": 50,
            "y": 322,
          },
          "type": "arc",
        },
        {
          "props": {
            "x": 215,
            "y": 45,
          },
          "type": "moveTo",
        },
        {
          "props": {
            "anticlockwise": false,
            "endAngle": 6.283185307179586,
            "radius": 2,
            "startAngle": 0,
            "x": 213,
            "y": 45,
          },
          "type": "arc",
        },
        {
          "props": {
            "x": 377,
            "y": 322,
          },
          "type": "moveTo",
        },
        {
          "props": {
            "anticlockwise": false,
            "endAngle": 6.283185307179586,
            "radius": 2,
            "startAngle": 0,
            "x": 375,
            "y": 322,
          },
          "type": "arc",
        },
      ],
    },
    "type": "fill",
  },
  {
    "props": {
      "path": [
        {
          "props": {
            "x": 52,
            "y": 322,
          },
          "type": "moveTo",
        },
        {
          "props": {
            "anticlockwise": false,
            "endAngle": 6.283185307179586,
            "radius": 2,
            "startAngle": 0,
            "x": 50,
            "y": 322,
          },
          "type": "arc",
        },
        {
          "props": {
            "x": 215,
            "y": 45,
          },
          "type": "moveTo",
        },
        {
          "props": {
            "anticlockwise": false,
            "endAngle": 6.283185307179586,
            "radius": 2,
            "startAngle": 0,
            "x": 213,
            "y": 45,
          },
          "type": "arc",
        },
        {
          "props": {
            "x": 377,
            "y": 322,
          },
          "type": "moveTo",
        },
        {
          "props": {
            "anticlockwise": false,
            "endAngle": 6.283185307179586,
            "radius": 2,
            "startAngle": 0,
            "x": 375,
            "y": 322,
          },
          "type": "arc",
        },
      ],
    },
    "type": "stroke",
  },
  {
    "props": {},
    "type": "restore",
  },
  {
    "props": {
      "x": -0.5,
      "y": -0.5,
    },
    "type": "translate",
  },
]
`;

exports[`Examples uPlot passes 1`] = `
[
  {
    "props": {
      "x": 0.5,
      "y": 0.5,
    },
    "type": "translate",
  },
  {
    "props": {
      "value": "#ff0000",
    },
    "type": "strokeStyle",
  },
  {
    "props": {
      "value": "rgba(0, 0, 0, 0)",
    },
    "type": "fillStyle",
  },
  {
    "props": {
      "value": 1,
    },
    "type": "lineWidth",
  },
  {
    "props": {},
    "type": "save",
  },
  {
    "props": {
      "fillRule": "nonzero",
      "path": [
        {
          "props": {
            "height": 334,
            "width": 326,
            "x": 49.5,
            "y": 16.5,
          },
          "type": "rect",
        },
      ],
    },
    "type": "clip",
  },
  {
    "props": {
      "path": [
        {
          "props": {
            "x": 50,
            "y": 322,
          },
          "type": "lineTo",
        },
        {
          "props": {
            "x": 213,
            "y": 45,
          },
          "type": "lineTo",
        },
        {
          "props": {
            "x": 375,
            "y": 322,
          },
          "type": "lineTo",
        },
      ],
    },
    "type": "stroke",
  },
  {
    "props": {},
    "type": "restore",
  },
  {
    "props": {
      "x": -0.5,
      "y": -0.5,
    },
    "type": "translate",
  },
  {
    "props": {
      "x": 0.5,
      "y": 0.5,
    },
    "type": "translate",
  },
  {
    "props": {
      "value": "#ffffff",
    },
    "type": "fillStyle",
  },
  {
    "props": {},
    "type": "save",
  },
  {
    "props": {
      "fillRule": "nonzero",
      "path": [
        {
          "props": {
            "height": 341,
            "width": 333,
            "x": 46,
            "y": 13,
          },
          "type": "rect",
        },
      ],
    },
    "type": "clip",
  },
  {
    "props": {
      "fillRule": "nonzero",
      "path": [
        {
          "props": {
            "x": 52,
            "y": 322,
          },
          "type": "moveTo",
        },
        {
          "props": {
            "anticlockwise": false,
            "endAngle": 6.283185307179586,
            "radius": 2,
            "startAngle": 0,
            "x": 50,
            "y": 322,
          },
          "type": "arc",
        },
        {
          "props": {
            "x": 215,
            "y": 45,
          },
          "type": "moveTo",
        },
        {
          "props": {
            "anticlockwise": false,
            "endAngle": 6.283185307179586,
            "radius": 2,
            "startAngle": 0,
            "x": 213,
            "y": 45,
          },
          "type": "arc",
        },
        {
          "props": {
            "x": 377,
            "y": 322,
          },
          "type": "moveTo",
        },
        {
          "props": {
            "anticlockwise": false,
            "endAngle": 6.283185307179586,
            "radius": 2,
            "startAngle": 0,
            "x": 375,
            "y": 322,
          },
          "type": "arc",
        },
      ],
    },
    "type": "fill",
  },
  {
    "props": {
      "path": [
        {
          "props": {
            "x": 52,
            "y": 322,
          },
          "type": "moveTo",
        },
        {
          "props": {
            "anticlockwise": false,
            "endAngle": 6.283185307179586,
            "radius": 2,
            "startAngle": 0,
            "x": 50,
            "y": 322,
          },
          "type": "arc",
        },
        {
          "props": {
            "x": 215,
            "y": 45,
          },
          "type": "moveTo",
        },
        {
          "props": {
            "anticlockwise": false,
            "endAngle": 6.283185307179586,
            "radius": 2,
            "startAngle": 0,
            "x": 213,
            "y": 45,
          },
          "type": "arc",
        },
        {
          "props": {
            "x": 377,
            "y": 322,
          },
          "type": "moveTo",
        },
        {
          "props": {
            "anticlockwise": false,
            "endAngle": 6.283185307179586,
            "radius": 2,
            "startAngle": 0,
            "x": 375,
            "y": 322,
          },
          "type": "arc",
        },
      ],
    },
    "type": "stroke",
  },
  {
    "props": {},
    "type": "restore",
  },
  {
    "props": {
      "x": -0.5,
      "y": -0.5,
    },
    "type": "translate",
  },
]
`;
